// Jest Snapshot v1, https://goo.gl/fbAQLP

exports[`Test for <KeyBoard /> KeyBoard component with Snapshot 1`] = `
<div
  className="keyboardContainer"
>
  <div
    className="rowKeysContainer"
  >
    <button
      className="key"
      key="0"
      onClick={[Function]}
    >
      Q
    </button>
    <button
      className="key"
      key="1"
      onClick={[Function]}
    >
      W
    </button>
    <button
      className="key"
      key="2"
      onClick={[Function]}
    >
      E
    </button>
    <button
      className="key"
      key="3"
      onClick={[Function]}
    >
      R
    </button>
    <button
      className="key"
      key="4"
      onClick={[Function]}
    >
      T
    </button>
    <button
      className="key"
      key="5"
      onClick={[Function]}
    >
      Y
    </button>
    <button
      className="key"
      key="6"
      onClick={[Function]}
    >
      U
    </button>
    <button
      className="key"
      key="7"
      onClick={[Function]}
    >
      I
    </button>
    <button
      className="key"
      key="8"
      onClick={[Function]}
    >
      O
    </button>
    <button
      className="key"
      key="9"
      onClick={[Function]}
    >
      P
    </button>
  </div>
  <div
    className="rowKeysContainer"
  >
    <button
      className="key"
      key="10"
      onClick={[Function]}
    >
      A
    </button>
    <button
      className="key"
      key="11"
      onClick={[Function]}
    >
      S
    </button>
    <button
      className="key"
      key="12"
      onClick={[Function]}
    >
      D
    </button>
    <button
      className="key"
      key="13"
      onClick={[Function]}
    >
      F
    </button>
    <button
      className="key"
      key="14"
      onClick={[Function]}
    >
      G
    </button>
    <button
      className="key"
      key="15"
      onClick={[Function]}
    >
      H
    </button>
    <button
      className="key"
      key="16"
      onClick={[Function]}
    >
      J
    </button>
    <button
      className="key"
      key="17"
      onClick={[Function]}
    >
      K
    </button>
    <button
      className="key"
      key="18"
      onClick={[Function]}
    >
      L
    </button>
    <button
      className="key"
      key="19"
      onClick={[Function]}
    >
      Ã‘
    </button>
  </div>
  <div
    className="rowKeysContainer"
  >
    <button
      className="enterKey"
      onClick={[Function]}
    >
      ENTER
    </button>
    <button
      className="key"
      key="20"
      onClick={[Function]}
    >
      Z
    </button>
    <button
      className="key"
      key="21"
      onClick={[Function]}
    >
      X
    </button>
    <button
      className="key"
      key="22"
      onClick={[Function]}
    >
      C
    </button>
    <button
      className="key"
      key="23"
      onClick={[Function]}
    >
      V
    </button>
    <button
      className="key"
      key="24"
      onClick={[Function]}
    >
      B
    </button>
    <button
      className="key"
      key="25"
      onClick={[Function]}
    >
      N
    </button>
    <button
      className="key"
      key="26"
      onClick={[Function]}
    >
      M
    </button>
    <button
      className="enterKey"
      onClick={[Function]}
    >
      DELETE
    </button>
  </div>
</div>
`;
