// Jest Snapshot v1, https://goo.gl/fbAQLP

exports[`Tests for <Modal /> Modal component with Snapshot 1`] = `
<div
  className="modalViewContainer"
>
  <div
    className="modalContainer"
  >
    <div
      className="modalHeader"
    >
      <button
        onClick={[Function]}
      >
        <i
          className="far fa-times-circle btnClose"
        />
      </button>
    </div>
    <div
      className="modalContent"
    >
      <h2>
        You 
        Lost :(
      </h2>
      <div
        className="puzzle"
      >
        <div
          className="puzzleWord"
        >
          <div
            key="0"
          >
            ðŸŸ©
          </div>
        </div>
        <div
          className="puzzleWord"
        >
          <div
            key="0"
          >
            ðŸŸ¨
          </div>
        </div>
        <div
          className="puzzleWord"
        >
          <div
            key="0"
          >
            ðŸŸ¨
          </div>
        </div>
        <div
          className="puzzleWord"
        >
          <div
            key="0"
          >
            ðŸŸ¨
          </div>
        </div>
        <div
          className="puzzleWord"
        >
          <div
            key="0"
          >
            ðŸŸ¨
          </div>
        </div>
      </div>
      <div
        className="socialShareContainer"
      >
        <h3>
          Share your score!
        </h3>
        <div
          className="social"
        >
          <a
            className="fab fa-twitter-square btnSocial twitterLogo"
          />
          <a
            className="fab fa-whatsapp-square btnSocial whatsappLogo"
          />
        </div>
      </div>
    </div>
  </div>
</div>
`;
