// Jest Snapshot v1, https://goo.gl/fbAQLP

exports[`Tests for <Square /> Square component with Snapshot 1`] = `
<div
  className="puzzleWord"
>
  <div
    key="0"
  >
    游릴
  </div>
  <div
    key="1"
  >
    游릴
  </div>
  <div
    key="2"
  >
    游릴
  </div>
  <div
    key="3"
  >
    游릴
  </div>
  <div
    key="4"
  >
    游릴
  </div>
</div>
`;
